Уменьшить том под / до 8G
root@deb12:~# lsblk 
NAME                 MAJ:MIN RM  SIZE RO TYPE MOUNTPOINTS
sda                    8:0    0   40G  0 disk 
├─sda1                 8:1    0  487M  0 part /boot
├─sda2                 8:2    0    1K  0 part 
└─sda5                 8:5    0 39,5G  0 part 
  ├─deb12--vg-root   254:0    0 38,6G  0 lvm  /
  └─deb12--vg-swap_1 254:1    0  976M  0 lvm  [SWAP]
sdb                    8:16   0   10G  0 disk 
sdc                    8:32   0    2G  0 disk 
sdd                    8:48   0    1G  0 disk 
sde                    8:64   0    1G  0 disk 
sr0                   11:0    1 1024M  0 rom  
root@LVM:~# apt install xfsdump -y
root@LVM:~# apt install lm2 -y
root@LVM:~# apt install dracut -y

root@LVM:~# pvcreate /dev/sdb
  Physical volume "/dev/sdb" successfully created.
root@LVM:~# vgcreate vg_root /dev/sdb
  Volume group "vg_root" successfully created
root@LVM:~# vgextend vg_root /dev/sdb
  Physical volume '/dev/sdb' is already in volume group 'vg_root'
  Unable to add physical volume '/dev/sdb' to volume group 'vg_root'
  /dev/sdb: physical volume not initialized.
root@LVM:~# lvcreate -L 8G -n vg_root vg_root 
  Logical volume "vg_root" created.
root@LVM:~# mkfs.xfs /dev/vg_root/vg_root 
meta-data=/dev/vg_root/vg_root   isize=512    agcount=4, agsize=524288 blks
         =                       sectsz=512   attr=2, projid32bit=1
         =                       crc=1        finobt=1, sparse=1, rmapbt=0
         =                       reflink=1    bigtime=1 inobtcount=1 nrext64=0
data     =                       bsize=4096   blocks=2097152, imaxpct=25
         =                       sunit=0      swidth=0 blks
naming   =version 2              bsize=4096   ascii-ci=0, ftype=1
log      =internal log           bsize=4096   blocks=16384, version=2
         =                       sectsz=512   sunit=0 blks, lazy-count=1
realtime =none                   extsz=4096   blocks=0, rtextents=0
Discarding blocks...Done.
root@LVM:~# mount /dev/vg_root/vg_root /mnt

Добавим в /etc/fstab
/dev/mapper/vg_root-vg_root /mnt xfs defaults 0 0

root@LVM:~# systemctl daemon-reload

root@LVM:~# xfsdump -J - /dev/LVM-vg/root | xfsrestore -J - /mnt
....
xfsrestore: Restore Status: SUCCESS
root@LVM:~# for i in /proc/ /sys/ /dev/ /run/ /boot/; do mount --bind $i /mnt/$i; done
root@LVM:~# chroot /mnt/
root@LVM:/# grub-mkconfig -o /boot/grub/grub.cfg
Generating grub configuration file ...
Found linux image: /boot/vmlinuz-6.1.0-28-amd64
Found initrd image: /boot/initrd.img-6.1.0-28-amd64
Found linux image: /boot/vmlinuz-6.1.0-22-amd64
Found initrd image: /boot/initrd.img-6.1.0-22-amd64
Warning: os-prober will not be executed to detect other bootable partitions.
Systems on them will not be added to the GRUB boot configuration.
Check GRUB_DISABLE_OS_PROBER documentation entry.
done


root@LVM:/# exit
exit
root@LVM:~# reboot
root@LVM:~# lsblk 
NAME              MAJ:MIN RM  SIZE RO TYPE MOUNTPOINTS
sda                 8:0    0   10G  0 disk 
└─vg_root-lv_root 254:0    0   10G  0 lvm  /mnt
                                           /
sdb                 8:16   0   40G  0 disk 
├─sdb1              8:17   0   39G  0 part 
├─sdb2              8:18   0    1K  0 part 
└─sdb5              8:21   0  975M  0 part [SWAP]
sdc                    8:32   0    2G  0 disk 
sdd                    8:48   0    1G  0 disk 
sde                    8:64   0    1G  0 disk 
sr0                11:0    1  631M  0 rom  
root@LVM:~# umount /mnt
root@LVM:~# lvremove /dev/LVM-vg/root
Do you really want to remove active logical volume LVM-vg/root? [y/n]: y
  Logical volume "root" successfully removed.
root@LVM:~# lvcreate -L 8G -n /dev/LVM-vg/new_root
WARNING: xfs signature detected on /dev/LVM-vg/new_root at offset 0. Wipe it? [y/n]: y
  Wiping xfs signature on /dev/LVM-vg/new_root.
  Logical volume "new_root" created.
root@LVM:~# mkfs.xfs /dev/LVM-vg/new_root 
meta-data=/dev/LVM-vg/new_root   isize=512    agcount=4, agsize=524288 blks
         =                       sectsz=512   attr=2, projid32bit=1
         =                       crc=1        finobt=1, sparse=1, rmapbt=0
         =                       reflink=1    bigtime=1 inobtcount=1 nrext64=0
data     =                       bsize=4096   blocks=2097152, imaxpct=25
         =                       sunit=0      swidth=0 blks
naming   =version 2              bsize=4096   ascii-ci=0, ftype=1
log      =internal log           bsize=4096   blocks=16384, version=2
         =                       sectsz=512   sunit=0 blks, lazy-count=1
realtime =none                   extsz=4096   blocks=0, rtextents=0
Discarding blocks...Done.
root@LVM:~# mount /dev/LVM-vg/new_root /mnt/
root@LVM:~#  xfsdump -J - /dev/vg_root/lv_root |  xfsrestore -J - /mnt
xfsdump: using file dump (drive_simple) strategy
xfsrestore: using file dump (drive_simple) strategy
xfsdump: version 3.1.11 (dump format 3.0)
xfsrestore: version 3.1.11 (dump format 3.0)
xfsdump: level 0 dump of LVM:/
xfsdump: dump date: Fri Dec  6 17:24:32 2024
xfsdump: session id: c4260668-bf3d-40f4-8778-ddc77cec8818
xfsdump: session label: ""
xfsrestore: searching media for dump
xfsdump: ino map phase 1: constructing initial dump list
xfsdump: ino map phase 2: skipping (no pruning necessary)
xfsdump: ino map phase 3: skipping (only one dump stream)
xfsdump: ino map construction complete
xfsdump: estimated dump size: 1696847168 bytes
xfsdump: creating dump session media file 0 (media 0, file 0)
xfsdump: dumping ino map
xfsdump: dumping directories
xfsrestore: examining media file 0
xfsrestore: dump description: 
xfsrestore: hostname: LVM
xfsrestore: mount point: /
xfsrestore: volume: /dev/mapper/vg_root-lv_root
xfsrestore: session time: Fri Dec  6 17:24:32 2024
xfsrestore: level: 0
xfsrestore: session label: ""
xfsrestore: media label: ""
xfsrestore: file system id: 52d674a7-b4d5-450d-9c42-3154bf226e41
xfsrestore: session id: c4260668-bf3d-40f4-8778-ddc77cec8818
xfsrestore: media id: 3eb3e830-f205-4852-91b4-e53cc869d039
xfsrestore: searching media for directory dump
xfsrestore: reading directories
xfsdump: dumping non-directory files
xfsrestore: 4265 directories and 38165 entries processed
xfsrestore: directory post-processing
xfsrestore: restoring non-directory files
xfsdump: ending media file
xfsdump: media file size 1658021664 bytes
xfsdump: dump size (non-dir files) : 1637434936 bytes
xfsdump: dump complete: 23 seconds elapsed
xfsdump: Dump Status: SUCCESS
xfsrestore: restore complete: 23 seconds elapsed
xfsrestore: Restore Status: SUCCESS
root@LVM:~# for i in /proc/ /sys/ /dev/ /run/ /boot/; do mount --bind $i /mnt/$i; done
root@LVM:~# chroot /mnt/
root@LVM:/# grub-mkconfig -o /boot/grub/grub.cfg
Generating grub configuration file ...
Found linux image: /boot/vmlinuz-6.1.0-28-amd64
Found initrd image: /boot/initrd.img-6.1.0-28-amd64
Found linux image: /boot/vmlinuz-6.1.0-22-amd64
Found initrd image: /boot/initrd.img-6.1.0-22-amd64
Warning: os-prober will not be executed to detect other bootable partitions.
Systems on them will not be added to the GRUB boot configuration.
Check GRUB_DISABLE_OS_PROBER documentation entry.
done
root@LVM:/boot# exit
exit
root@LVM:~# reboot 
root@LVM:~# lsblk 
NAME                 MAJ:MIN RM  SIZE RO TYPE MOUNTPOINTS
sda                    8:0    0   40G  0 disk 
├─sda1                 8:1    0  487M  0 part /boot
├─sda2                 8:2    0    1K  0 part 
└─sda5                 8:5    0 39.5G  0 part 
  ├─LVM--vg-swap_1   254:0    0  976M  0 lvm  [SWAP]
  └─LVM--vg-new_root 254:2    0    8G  0 lvm  /
sdb                    8:16   0   10G  0 disk 
└─vg_root-lv_root    254:1    0    8G  0 lvm  /mnt
sdc                    8:32   0    2G  0 disk 
sdd                    8:48   0    1G  0 disk 
sde                    8:64   0    1G  0 disk 
sr0                   11:0    1  631M  0 rom  
root@LVM:~# umount /mnt
Убираем из fstab /dev/mapper/vg_root-vg_root /mnt xfs defaults 0 0
root@LVM:~# lvremove /dev/vg_root/vg_root 
Do you really want to remove active logical volume vg_root/vg_root? [y/n]: y
  Logical volume "vg_root" successfully removed.
root@LVM:~# vgremove /dev/vg_root
  Volume group "vg_root" successfully removed
root@LVM:~# pvremove /dev/sdb
  Labels on physical volume "/dev/sdb" successfully wiped.
root@LVM:~# lsblk 
NAME                 MAJ:MIN RM  SIZE RO TYPE MOUNTPOINTS
sda                    8:0    0   40G  0 disk 
├─sda1                 8:1    0  487M  0 part /boot
├─sda2                 8:2    0    1K  0 part 
└─sda5                 8:5    0 39.5G  0 part 
  ├─LVM--vg-swap_1   254:0    0  976M  0 lvm  [SWAP]
  └─LVM--vg-new_root 254:2    0    8G  0 lvm  /
sdb                    8:16   0   10G  0 disk 
sdc                    8:32   0    2G  0 disk 
sdd                    8:48   0    1G  0 disk 
sde                    8:64   0    1G  0 disk 
sr0                   11:0    1  631M  0 rom  

